  Determining projects to restore...
  All projects are up-to-date for restore.
D:\ColorvisionPaintsRewards-main\ColorvisionPaintsRewards-main\Views\Codes\PrintBatch.cshtml(128,49): warning CS8600: Converting null literal or possible null value to non-nullable type. [D:\ColorvisionPaintsRewards-main\ColorvisionPaintsRewards-main\QRRewardPlatform.csproj]
D:\ColorvisionPaintsRewards-main\ColorvisionPaintsRewards-main\Services\RedemptionService.cs(80,28): warning CS8601: Possible null reference assignment. [D:\ColorvisionPaintsRewards-main\ColorvisionPaintsRewards-main\QRRewardPlatform.csproj]
D:\ColorvisionPaintsRewards-main\ColorvisionPaintsRewards-main\Services\RedemptionService.cs(204,44): warning CS8601: Possible null reference assignment. [D:\ColorvisionPaintsRewards-main\ColorvisionPaintsRewards-main\QRRewardPlatform.csproj]
D:\ColorvisionPaintsRewards-main\ColorvisionPaintsRewards-main\Views\Codes\Index.cshtml(280,57): warning CS8600: Converting null literal or possible null value to non-nullable type. [D:\ColorvisionPaintsRewards-main\ColorvisionPaintsRewards-main\QRRewardPlatform.csproj]
D:\ColorvisionPaintsRewards-main\ColorvisionPaintsRewards-main\Views\Codes\Index.cshtml(281,53): warning CS8600: Converting null literal or possible null value to non-nullable type. [D:\ColorvisionPaintsRewards-main\ColorvisionPaintsRewards-main\QRRewardPlatform.csproj]
C:\Program Files\dotnet\sdk\10.0.201\Microsoft.Common.CurrentVersion.targets(5395,5): warning MSB3026: Could not copy "D:\ColorvisionPaintsRewards-main\ColorvisionPaintsRewards-main\obj\Debug\net10.0\apphost.exe" to "bin\Debug\net10.0\QRRewardPlatform.exe". Beginning retry 1 in 1000ms. The process cannot access the file 'D:\ColorvisionPaintsRewards-main\ColorvisionPaintsRewards-main\bin\Debug\net10.0\QRRewardPlatform.exe' because it is being used by another process. The file is locked by: "QRRewardPlatform (22112)" [D:\ColorvisionPaintsRewards-main\ColorvisionPaintsRewards-main\QRRewardPlatform.csproj]
C:\Program Files\dotnet\sdk\10.0.201\Microsoft.Common.CurrentVersion.targets(5395,5): warning MSB3026: Could not copy "D:\ColorvisionPaintsRewards-main\ColorvisionPaintsRewards-main\obj\Debug\net10.0\apphost.exe" to "bin\Debug\net10.0\QRRewardPlatform.exe". Beginning retry 2 in 1000ms. The process cannot access the file 'D:\ColorvisionPaintsRewards-main\ColorvisionPaintsRewards-main\bin\Debug\net10.0\QRRewardPlatform.exe' because it is being used by another process. The file is locked by: "QRRewardPlatform (22112)" [D:\ColorvisionPaintsRewards-main\ColorvisionPaintsRewards-main\QRRewardPlatform.csproj]
C:\Program Files\dotnet\sdk\10.0.201\Microsoft.Common.CurrentVersion.targets(5395,5): warning MSB3026: Could not copy "D:\ColorvisionPaintsRewards-main\ColorvisionPaintsRewards-main\obj\Debug\net10.0\apphost.exe" to "bin\Debug\net10.0\QRRewardPlatform.exe". Beginning retry 3 in 1000ms. The process cannot access the file 'D:\ColorvisionPaintsRewards-main\ColorvisionPaintsRewards-main\bin\Debug\net10.0\QRRewardPlatform.exe' because it is being used by another process. The file is locked by: "QRRewardPlatform (22112)" [D:\ColorvisionPaintsRewards-main\ColorvisionPaintsRewards-main\QRRewardPlatform.csproj]
C:\Program Files\dotnet\sdk\10.0.201\Microsoft.Common.CurrentVersion.targets(5395,5): warning MSB3026: Could not copy "D:\ColorvisionPaintsRewards-main\ColorvisionPaintsRewards-main\obj\Debug\net10.0\apphost.exe" to "bin\Debug\net10.0\QRRewardPlatform.exe". Beginning retry 4 in 1000ms. The process cannot access the file 'D:\ColorvisionPaintsRewards-main\ColorvisionPaintsRewards-main\bin\Debug\net10.0\QRRewardPlatform.exe' because it is being used by another process. The file is locked by: "QRRewardPlatform (22112)" [D:\ColorvisionPaintsRewards-main\ColorvisionPaintsRewards-main\QRRewardPlatform.csproj]
C:\Program Files\dotnet\sdk\10.0.201\Microsoft.Common.CurrentVersion.targets(5395,5): warning MSB3026: Could not copy "D:\ColorvisionPaintsRewards-main\ColorvisionPaintsRewards-main\obj\Debug\net10.0\apphost.exe" to "bin\Debug\net10.0\QRRewardPlatform.exe". Beginning retry 5 in 1000ms. The process cannot access the file 'D:\ColorvisionPaintsRewards-main\ColorvisionPaintsRewards-main\bin\Debug\net10.0\QRRewardPlatform.exe' because it is being used by another process. The file is locked by: "QRRewardPlatform (22112)" [D:\ColorvisionPaintsRewards-main\ColorvisionPaintsRewards-main\QRRewardPlatform.csproj]
C:\Program Files\dotnet\sdk\10.0.201\Microsoft.Common.CurrentVersion.targets(5395,5): warning MSB3026: Could not copy "D:\ColorvisionPaintsRewards-main\ColorvisionPaintsRewards-main\obj\Debug\net10.0\apphost.exe" to "bin\Debug\net10.0\QRRewardPlatform.exe". Beginning retry 6 in 1000ms. The process cannot access the file 'D:\ColorvisionPaintsRewards-main\ColorvisionPaintsRewards-main\bin\Debug\net10.0\QRRewardPlatform.exe' because it is being used by another process. The file is locked by: "QRRewardPlatform (22112)" [D:\ColorvisionPaintsRewards-main\ColorvisionPaintsRewards-main\QRRewardPlatform.csproj]
C:\Program Files\dotnet\sdk\10.0.201\Microsoft.Common.CurrentVersion.targets(5395,5): warning MSB3026: Could not copy "D:\ColorvisionPaintsRewards-main\ColorvisionPaintsRewards-main\obj\Debug\net10.0\apphost.exe" to "bin\Debug\net10.0\QRRewardPlatform.exe". Beginning retry 7 in 1000ms. The process cannot access the file 'D:\ColorvisionPaintsRewards-main\ColorvisionPaintsRewards-main\bin\Debug\net10.0\QRRewardPlatform.exe' because it is being used by another process. The file is locked by: "QRRewardPlatform (22112)" [D:\ColorvisionPaintsRewards-main\ColorvisionPaintsRewards-main\QRRewardPlatform.csproj]
C:\Program Files\dotnet\sdk\10.0.201\Microsoft.Common.CurrentVersion.targets(5395,5): warning MSB3026: Could not copy "D:\ColorvisionPaintsRewards-main\ColorvisionPaintsRewards-main\obj\Debug\net10.0\apphost.exe" to "bin\Debug\net10.0\QRRewardPlatform.exe". Beginning retry 8 in 1000ms. The process cannot access the file 'D:\ColorvisionPaintsRewards-main\ColorvisionPaintsRewards-main\bin\Debug\net10.0\QRRewardPlatform.exe' because it is being used by another process. The file is locked by: "QRRewardPlatform (22112)" [D:\ColorvisionPaintsRewards-main\ColorvisionPaintsRewards-main\QRRewardPlatform.csproj]
C:\Program Files\dotnet\sdk\10.0.201\Microsoft.Common.CurrentVersion.targets(5395,5): warning MSB3026: Could not copy "D:\ColorvisionPaintsRewards-main\ColorvisionPaintsRewards-main\obj\Debug\net10.0\apphost.exe" to "bin\Debug\net10.0\QRRewardPlatform.exe". Beginning retry 9 in 1000ms. The process cannot access the file 'D:\ColorvisionPaintsRewards-main\ColorvisionPaintsRewards-main\bin\Debug\net10.0\QRRewardPlatform.exe' because it is being used by another process. The file is locked by: "QRRewardPlatform (22112)" [D:\ColorvisionPaintsRewards-main\ColorvisionPaintsRewards-main\QRRewardPlatform.csproj]
C:\Program Files\dotnet\sdk\10.0.201\Microsoft.Common.CurrentVersion.targets(5395,5): warning MSB3026: Could not copy "D:\ColorvisionPaintsRewards-main\ColorvisionPaintsRewards-main\obj\Debug\net10.0\apphost.exe" to "bin\Debug\net10.0\QRRewardPlatform.exe". Beginning retry 10 in 1000ms. The process cannot access the file 'D:\ColorvisionPaintsRewards-main\ColorvisionPaintsRewards-main\bin\Debug\net10.0\QRRewardPlatform.exe' because it is being used by another process. The file is locked by: "QRRewardPlatform (22112)" [D:\ColorvisionPaintsRewards-main\ColorvisionPaintsRewards-main\QRRewardPlatform.csproj]
C:\Program Files\dotnet\sdk\10.0.201\Microsoft.Common.CurrentVersion.targets(5395,5): error MSB3027: Could not copy "D:\ColorvisionPaintsRewards-main\ColorvisionPaintsRewards-main\obj\Debug\net10.0\apphost.exe" to "bin\Debug\net10.0\QRRewardPlatform.exe". Exceeded retry count of 10. Failed. The file is locked by: "QRRewardPlatform (22112)" [D:\ColorvisionPaintsRewards-main\ColorvisionPaintsRewards-main\QRRewardPlatform.csproj]
C:\Program Files\dotnet\sdk\10.0.201\Microsoft.Common.CurrentVersion.targets(5395,5): error MSB3021: Unable to copy file "D:\ColorvisionPaintsRewards-main\ColorvisionPaintsRewards-main\obj\Debug\net10.0\apphost.exe" to "bin\Debug\net10.0\QRRewardPlatform.exe". The process cannot access the file 'D:\ColorvisionPaintsRewards-main\ColorvisionPaintsRewards-main\bin\Debug\net10.0\QRRewardPlatform.exe' because it is being used by another process. [D:\ColorvisionPaintsRewards-main\ColorvisionPaintsRewards-main\QRRewardPlatform.csproj]

Build FAILED.

D:\ColorvisionPaintsRewards-main\ColorvisionPaintsRewards-main\Views\Codes\PrintBatch.cshtml(128,49): warning CS8600: Converting null literal or possible null value to non-nullable type. [D:\ColorvisionPaintsRewards-main\ColorvisionPaintsRewards-main\QRRewardPlatform.csproj]
D:\ColorvisionPaintsRewards-main\ColorvisionPaintsRewards-main\Services\RedemptionService.cs(80,28): warning CS8601: Possible null reference assignment. [D:\ColorvisionPaintsRewards-main\ColorvisionPaintsRewards-main\QRRewardPlatform.csproj]
D:\ColorvisionPaintsRewards-main\ColorvisionPaintsRewards-main\Services\RedemptionService.cs(204,44): warning CS8601: Possible null reference assignment. [D:\ColorvisionPaintsRewards-main\ColorvisionPaintsRewards-main\QRRewardPlatform.csproj]
D:\ColorvisionPaintsRewards-main\ColorvisionPaintsRewards-main\Views\Codes\Index.cshtml(280,57): warning CS8600: Converting null literal or possible null value to non-nullable type. [D:\ColorvisionPaintsRewards-main\ColorvisionPaintsRewards-main\QRRewardPlatform.csproj]
D:\ColorvisionPaintsRewards-main\ColorvisionPaintsRewards-main\Views\Codes\Index.cshtml(281,53): warning CS8600: Converting null literal or possible null value to non-nullable type. [D:\ColorvisionPaintsRewards-main\ColorvisionPaintsRewards-main\QRRewardPlatform.csproj]
C:\Program Files\dotnet\sdk\10.0.201\Microsoft.Common.CurrentVersion.targets(5395,5): warning MSB3026: Could not copy "D:\ColorvisionPaintsRewards-main\ColorvisionPaintsRewards-main\obj\Debug\net10.0\apphost.exe" to "bin\Debug\net10.0\QRRewardPlatform.exe". Beginning retry 1 in 1000ms. The process cannot access the file 'D:\ColorvisionPaintsRewards-main\ColorvisionPaintsRewards-main\bin\Debug\net10.0\QRRewardPlatform.exe' because it is being used by another process. The file is locked by: "QRRewardPlatform (22112)" [D:\ColorvisionPaintsRewards-main\ColorvisionPaintsRewards-main\QRRewardPlatform.csproj]
C:\Program Files\dotnet\sdk\10.0.201\Microsoft.Common.CurrentVersion.targets(5395,5): warning MSB3026: Could not copy "D:\ColorvisionPaintsRewards-main\ColorvisionPaintsRewards-main\obj\Debug\net10.0\apphost.exe" to "bin\Debug\net10.0\QRRewardPlatform.exe". Beginning retry 2 in 1000ms. The process cannot access the file 'D:\ColorvisionPaintsRewards-main\ColorvisionPaintsRewards-main\bin\Debug\net10.0\QRRewardPlatform.exe' because it is being used by another process. The file is locked by: "QRRewardPlatform (22112)" [D:\ColorvisionPaintsRewards-main\ColorvisionPaintsRewards-main\QRRewardPlatform.csproj]
C:\Program Files\dotnet\sdk\10.0.201\Microsoft.Common.CurrentVersion.targets(5395,5): warning MSB3026: Could not copy "D:\ColorvisionPaintsRewards-main\ColorvisionPaintsRewards-main\obj\Debug\net10.0\apphost.exe" to "bin\Debug\net10.0\QRRewardPlatform.exe". Beginning retry 3 in 1000ms. The process cannot access the file 'D:\ColorvisionPaintsRewards-main\ColorvisionPaintsRewards-main\bin\Debug\net10.0\QRRewardPlatform.exe' because it is being used by another process. The file is locked by: "QRRewardPlatform (22112)" [D:\ColorvisionPaintsRewards-main\ColorvisionPaintsRewards-main\QRRewardPlatform.csproj]
C:\Program Files\dotnet\sdk\10.0.201\Microsoft.Common.CurrentVersion.targets(5395,5): warning MSB3026: Could not copy "D:\ColorvisionPaintsRewards-main\ColorvisionPaintsRewards-main\obj\Debug\net10.0\apphost.exe" to "bin\Debug\net10.0\QRRewardPlatform.exe". Beginning retry 4 in 1000ms. The process cannot access the file 'D:\ColorvisionPaintsRewards-main\ColorvisionPaintsRewards-main\bin\Debug\net10.0\QRRewardPlatform.exe' because it is being used by another process. The file is locked by: "QRRewardPlatform (22112)" [D:\ColorvisionPaintsRewards-main\ColorvisionPaintsRewards-main\QRRewardPlatform.csproj]
C:\Program Files\dotnet\sdk\10.0.201\Microsoft.Common.CurrentVersion.targets(5395,5): warning MSB3026: Could not copy "D:\ColorvisionPaintsRewards-main\ColorvisionPaintsRewards-main\obj\Debug\net10.0\apphost.exe" to "bin\Debug\net10.0\QRRewardPlatform.exe". Beginning retry 5 in 1000ms. The process cannot access the file 'D:\ColorvisionPaintsRewards-main\ColorvisionPaintsRewards-main\bin\Debug\net10.0\QRRewardPlatform.exe' because it is being used by another process. The file is locked by: "QRRewardPlatform (22112)" [D:\ColorvisionPaintsRewards-main\ColorvisionPaintsRewards-main\QRRewardPlatform.csproj]
C:\Program Files\dotnet\sdk\10.0.201\Microsoft.Common.CurrentVersion.targets(5395,5): warning MSB3026: Could not copy "D:\ColorvisionPaintsRewards-main\ColorvisionPaintsRewards-main\obj\Debug\net10.0\apphost.exe" to "bin\Debug\net10.0\QRRewardPlatform.exe". Beginning retry 6 in 1000ms. The process cannot access the file 'D:\ColorvisionPaintsRewards-main\ColorvisionPaintsRewards-main\bin\Debug\net10.0\QRRewardPlatform.exe' because it is being used by another process. The file is locked by: "QRRewardPlatform (22112)" [D:\ColorvisionPaintsRewards-main\ColorvisionPaintsRewards-main\QRRewardPlatform.csproj]
C:\Program Files\dotnet\sdk\10.0.201\Microsoft.Common.CurrentVersion.targets(5395,5): warning MSB3026: Could not copy "D:\ColorvisionPaintsRewards-main\ColorvisionPaintsRewards-main\obj\Debug\net10.0\apphost.exe" to "bin\Debug\net10.0\QRRewardPlatform.exe". Beginning retry 7 in 1000ms. The process cannot access the file 'D:\ColorvisionPaintsRewards-main\ColorvisionPaintsRewards-main\bin\Debug\net10.0\QRRewardPlatform.exe' because it is being used by another process. The file is locked by: "QRRewardPlatform (22112)" [D:\ColorvisionPaintsRewards-main\ColorvisionPaintsRewards-main\QRRewardPlatform.csproj]
C:\Program Files\dotnet\sdk\10.0.201\Microsoft.Common.CurrentVersion.targets(5395,5): warning MSB3026: Could not copy "D:\ColorvisionPaintsRewards-main\ColorvisionPaintsRewards-main\obj\Debug\net10.0\apphost.exe" to "bin\Debug\net10.0\QRRewardPlatform.exe". Beginning retry 8 in 1000ms. The process cannot access the file 'D:\ColorvisionPaintsRewards-main\ColorvisionPaintsRewards-main\bin\Debug\net10.0\QRRewardPlatform.exe' because it is being used by another process. The file is locked by: "QRRewardPlatform (22112)" [D:\ColorvisionPaintsRewards-main\ColorvisionPaintsRewards-main\QRRewardPlatform.csproj]
C:\Program Files\dotnet\sdk\10.0.201\Microsoft.Common.CurrentVersion.targets(5395,5): warning MSB3026: Could not copy "D:\ColorvisionPaintsRewards-main\ColorvisionPaintsRewards-main\obj\Debug\net10.0\apphost.exe" to "bin\Debug\net10.0\QRRewardPlatform.exe". Beginning retry 9 in 1000ms. The process cannot access the file 'D:\ColorvisionPaintsRewards-main\ColorvisionPaintsRewards-main\bin\Debug\net10.0\QRRewardPlatform.exe' because it is being used by another process. The file is locked by: "QRRewardPlatform (22112)" [D:\ColorvisionPaintsRewards-main\ColorvisionPaintsRewards-main\QRRewardPlatform.csproj]
C:\Program Files\dotnet\sdk\10.0.201\Microsoft.Common.CurrentVersion.targets(5395,5): warning MSB3026: Could not copy "D:\ColorvisionPaintsRewards-main\ColorvisionPaintsRewards-main\obj\Debug\net10.0\apphost.exe" to "bin\Debug\net10.0\QRRewardPlatform.exe". Beginning retry 10 in 1000ms. The process cannot access the file 'D:\ColorvisionPaintsRewards-main\ColorvisionPaintsRewards-main\bin\Debug\net10.0\QRRewardPlatform.exe' because it is being used by another process. The file is locked by: "QRRewardPlatform (22112)" [D:\ColorvisionPaintsRewards-main\ColorvisionPaintsRewards-main\QRRewardPlatform.csproj]
C:\Program Files\dotnet\sdk\10.0.201\Microsoft.Common.CurrentVersion.targets(5395,5): error MSB3027: Could not copy "D:\ColorvisionPaintsRewards-main\ColorvisionPaintsRewards-main\obj\Debug\net10.0\apphost.exe" to "bin\Debug\net10.0\QRRewardPlatform.exe". Exceeded retry count of 10. Failed. The file is locked by: "QRRewardPlatform (22112)" [D:\ColorvisionPaintsRewards-main\ColorvisionPaintsRewards-main\QRRewardPlatform.csproj]
C:\Program Files\dotnet\sdk\10.0.201\Microsoft.Common.CurrentVersion.targets(5395,5): error MSB3021: Unable to copy file "D:\ColorvisionPaintsRewards-main\ColorvisionPaintsRewards-main\obj\Debug\net10.0\apphost.exe" to "bin\Debug\net10.0\QRRewardPlatform.exe". The process cannot access the file 'D:\ColorvisionPaintsRewards-main\ColorvisionPaintsRewards-main\bin\Debug\net10.0\QRRewardPlatform.exe' because it is being used by another process. [D:\ColorvisionPaintsRewards-main\ColorvisionPaintsRewards-main\QRRewardPlatform.csproj]
    15 Warning(s)
    2 Error(s)

Time Elapsed 00:00:16.55
dotnet : Unhandled 
exception. System.Objec
tDisposedException: 
Cannot write to a 
closed TextWriter.
At line:1 char:1
+ dotnet build > 
build_errors.log 2>&1
+ ~~~~~~~~~~~~~~~~~~~~~
~~~~~~~~~~~~~~~
    + CategoryInfo     
         : NotSpecifi  
  ed: (Unhandled exc   
 ep...sed TextWrite    
r.:String) [], Rem    
oteException
    + FullyQualifiedEr 
   rorId : NativeComm  
  andError
 
Object name: 
'StreamWriter'.
   at System.IO.StreamW
riter.<ThrowIfDisposed>
g__ThrowObjectDisposedE
xception|80_0()
   at System.IO.StreamW
riter.WriteLine(String 
value)
   at Microsoft.DotNet.
Cli.Installer.Windows.T
imestampedFileLogger.Di
spose(Boolean 
disposing)
   at Microsoft.DotNet.
Cli.Installer.Windows.T
imestampedFileLogger.Di
spose()
   at Microsoft.DotNet.
Cli.Commands.Workload.I
nstall.NetSdkMsiInstall
erClient.OnProcessExit(
Object sender, 
EventArgs e)
