  Determining projects to restore...
  All projects are up-to-date for restore.
C:\ADMIN\QRRewardPlatform\ViewComponents\NotificationViewComponent.cs(17,56): error CS1061: 'RedemptionService' does not contain a definition for 'GetFilteredAsync' and no accessible extension method 'GetFilteredAsync' accepting a first argument of type 'RedemptionService' could be found (are you missing a using directive or an assembly reference?) [C:\ADMIN\QRRewardPlatform\QRRewardPlatform.csproj]
C:\ADMIN\QRRewardPlatform\Services\RedemptionService.cs(58,28): warning CS8600: Converting null literal or possible null value to non-nullable type. [C:\ADMIN\QRRewardPlatform\QRRewardPlatform.csproj]
C:\ADMIN\QRRewardPlatform\Services\RedemptionService.cs(100,28): warning CS8600: Converting null literal or possible null value to non-nullable type. [C:\ADMIN\QRRewardPlatform\QRRewardPlatform.csproj]
C:\ADMIN\QRRewardPlatform\Controllers\RedemptionController.cs(21,56): error CS1061: 'RedemptionService' does not contain a definition for 'GetFilteredAsync' and no accessible extension method 'GetFilteredAsync' accepting a first argument of type 'RedemptionService' could be found (are you missing a using directive or an assembly reference?) [C:\ADMIN\QRRewardPlatform\QRRewardPlatform.csproj]

Build FAILED.

C:\ADMIN\QRRewardPlatform\Services\RedemptionService.cs(58,28): warning CS8600: Converting null literal or possible null value to non-nullable type. [C:\ADMIN\QRRewardPlatform\QRRewardPlatform.csproj]
C:\ADMIN\QRRewardPlatform\Services\RedemptionService.cs(100,28): warning CS8600: Converting null literal or possible null value to non-nullable type. [C:\ADMIN\QRRewardPlatform\QRRewardPlatform.csproj]
C:\ADMIN\QRRewardPlatform\ViewComponents\NotificationViewComponent.cs(17,56): error CS1061: 'RedemptionService' does not contain a definition for 'GetFilteredAsync' and no accessible extension method 'GetFilteredAsync' accepting a first argument of type 'RedemptionService' could be found (are you missing a using directive or an assembly reference?) [C:\ADMIN\QRRewardPlatform\QRRewardPlatform.csproj]
C:\ADMIN\QRRewardPlatform\Controllers\RedemptionController.cs(21,56): error CS1061: 'RedemptionService' does not contain a definition for 'GetFilteredAsync' and no accessible extension method 'GetFilteredAsync' accepting a first argument of type 'RedemptionService' could be found (are you missing a using directive or an assembly reference?) [C:\ADMIN\QRRewardPlatform\QRRewardPlatform.csproj]
    2 Warning(s)
    2 Error(s)

Time Elapsed 00:00:01.74
